2026-09-12T16:53:01Z replaying e1_eventqa65k - all responses cached
2026-09-12T16:53:26Z e1_eventqa65k DONE
2026-09-12T17:13:39Z replaying e1_eventqa_full - all responses cached
2026-09-12T17:15:04Z e1_eventqa_full DONE
2026-09-12T17:33:13Z replaying e5 - all responses cached
2026-09-12T17:34:00Z e5 DONE
2026-09-12T18:00:09Z replaying e7 - all responses cached
2026-09-12T18:00:37Z e7 DONE
2026-09-12T18:04:38Z replaying e8 - all responses cached
2026-09-12T18:05:34Z e8 DONE
2026-09-12T18:07:34Z replaying e11_detective - all responses cached
2026-09-12T18:07:47Z e11_detective DONE
2026-09-12T18:07:48Z replaying e11_icl - all responses cached
2026-09-12T18:07:57Z e11_icl DONE
2026-09-12T18:11:57Z replaying e6 - all responses cached
2026-09-12T18:16:32Z e6 DONE
2026-09-12T18:18:32Z ALL BATCHED STAGES REPLAYED
2026-09-12T18:18:32Z running the pre-registered analysis over whatever is complete
--allow-missing is only for the dev layout
2026-09-12T18:18:34Z replay watcher finished
